ASxxxx Linker V03.00 + NoICE + sdld,  page 1.
Hexadecimal  [32-Bits]

Area                                    Addr        Size        Decimal Bytes (Attributes)
--------------------------------        ----        ----        ------- ----- ------------
.  .ABS.                            00000000    00000000 =           0. bytes (ABS,CON)

      Value  Global                              Global Defined In Module
      -----  --------------------------------   ------------------------
     00000000  .__.ABS.                           cpct_random
     00000000  l__ABS                          
     00000000  l__CABS                         
     00000000  l__DABS                         
     00000000  l__GSFINAL                      
     00000000  l__GSINIT                       
     00000000  l__HOME                         
     00000000  l__INITIALIZED                  
     00000000  l__INITIALIZER                  
     00000000  s__ABS                          
     00000000  s__ABS0                         
     00000000  s__CABS                         
     00000000  s__DABS                         
     00000053  l__DATA                         
     00000100  l__ABS0                         
     00000200  s__CODE                         
     0000192F  l__CODE                         
     00001B2F  s__DATA                         
     00001B82  s__GSFINAL                      
     00001B82  s__GSINIT                       
     00001B82  s__HOME                         
     00001B82  s__INITIALIZED                  
     00001B82  s__INITIALIZER                  

ASxxxx Linker V03.00 + NoICE + sdld,  page 2.
Hexadecimal  [32-Bits]

Area                                    Addr        Size        Decimal Bytes (Attributes)
--------------------------------        ----        ----        ------- ----- ------------
_CODE                               00000200    0000192F =        6447. bytes (REL,CON)

      Value  Global                              Global Defined In Module
      -----  --------------------------------   ------------------------
     00000200  _s_small_numbers_00                small_numbers
     0000020A  _s_small_numbers_01                small_numbers
     00000214  _s_small_numbers_02                small_numbers
     0000021E  _s_small_numbers_03                small_numbers
     00000228  _s_small_numbers_04                small_numbers
     00000232  _s_small_numbers_05                small_numbers
     0000023C  _s_small_numbers_06                small_numbers
     00000246  _s_small_numbers_07                small_numbers
     00000250  _s_small_numbers_08                small_numbers
     0000025A  _s_small_numbers_09                small_numbers
     00000264  _s_font_0                          font_chars_0
     000005B2  _g_palette0                        g_palette0
     000005C2  main_init                          cpct_keyboard
     000005D9  _main                              cpct_keyboard
     000005EA  man_array_init                     array_manager
     00000604  man_array_create_element           array_manager
     0000062F  man_array_remove_element           array_manager
     00000680  man_array_get_element              array_manager
     00000693  man_array_get_random_element       array_manager
     000006BF  man_array_move_all_elements        array_manager
     000006E7  man_array_execute_each             array_manager
     00000718  man_game_init                      game_manager
     00000719  man_game_update                    game_manager
     00000781  sys_system_disable_firmware        system_system
     00000793  sys_render_clear_buffer            render_system
     0000079E  sys_render_clear_back_buffer       render_system
     000007A8  sys_render_clear_front_buffer      render_system
     000007B2  sys_render_switch_buffers          render_system
     000007C8  sys_render_init                    render_system
     000007E0  sys_util_h_times_e                 sys_util
     00000804  sys_util_hl_div_c                  sys_util
     00000811  sys_util_BCD_GetEnd                sys_util
     0000081C  sys_util_BCD_Add                   sys_util
     00000826  sys_util_BCD_Compare               sys_util
     00000835  sys_util_get_random_number         sys_util
     0000084B  sys_util_delay                     sys_util
     00000853  sys_text_reset_aux_txt             text_manager
     0000085E  sys_text_str_length                text_manager
     0000086A  sys_text_str_copy                  text_manager
     00000879  sys_text_str_cmp                   text_manager
     00000893  sys_text_draw_char                 text_manager
     00000923  sys_text_draw_string               text_manager
     00000972  sys_text_num2str8                  text_manager
     00000989  sys_text_draw_small_char_number    text_manager
     000009A0  sys_text_draw_small_number         text_manager
     000009CD  sys_messages_load_window_data      messages_system
     00000A22  sys_messages_draw_window           messages_system
     00000A58  sys_messages_restore_message_bac   messages_system
     00000A6B  sys_messages_show                  messages_system
     00000AF6  sys_messages_draw_box              messages_system
ASxxxx Linker V03.00 + NoICE + sdld,  page 3.
Hexadecimal  [32-Bits]

Area                                    Addr        Size        Decimal Bytes (Attributes)
--------------------------------        ----        ----        ------- ----- ------------
_CODE                               00000200    0000192F =        6447. bytes (REL,CON)

      Value  Global                              Global Defined In Module
      -----  --------------------------------   ------------------------
     00001709  sys_input_clean_buffer             input_system
     0000170F  sys_input_wait4anykey              input_system
     0000171C  sys_input_getKeyPressed            input_system
     00001742  sys_input_waitKeyPressed           input_system
     00001756  sys_input_init                     input_system
     00001777  sys_input_main_menu_update         input_system
     0000177F  _cpct_setInterruptHandler          cpct_firmware
     0000177F  cpct_setInterruptHandler_asm       cpct_firmware
     00001790  cpct_safeInterruptHandlerHook      cpct_firmware
     000017A6  cpct_getScreenToSprite_asm         cpct_sprites
     000017C8  cpct_setPalette_asm                cpct_video
     000017DB  _cpct_isKeyPressed                 cpct_keyboard
     000017DB  cpct_isKeyPressed_asm              cpct_keyboard
     000017E7  cpct_setPALColour_asm              cpct_video
     000017F1  cpct_drawSprite_asm                cpct_sprites
     00001891  _cpct_keyboardStatusBuffer         cpct_keyboard
     0000189B  cpct_waitHalts_asm                 cpct_memutils
     0000189F  _cpct_setSeed_mxor                 cpct_random
     0000189F  cpct_setSeed_mxor_asm              cpct_random
     000018A7  cpct_setSeed_xsp40_u8_asm          cpct_random
     000018B2  _cpct_setVideoMemoryPage           cpct_video
     000018B2  cpct_setVideoMemoryPage_asm        cpct_video
     000018BB  cpct_memset_f64_asm                cpct_memutils
     00001901  _cpct_getRandom_xsp40_u8           cpct_random
     00001901  cpct_getRandom_xsp40_u8_asm        cpct_random
     00001906  _cpct_seed1_xsp40_u8               cpct_random
     00001909  _cpct_seed2_xsp40_u8               cpct_random
     00001923  _cpct_seed3_xsp40_u8               cpct_random
     00001926  _cpct_isAnyKeyPressed              cpct_keyboard
     00001926  cpct_isAnyKeyPressed_asm           cpct_keyboard
     00001933  _cpct_scanKeyboard_if              cpct_keyboard
     00001933  cpct_scanKeyboard_if_asm           cpct_keyboard
     0000199B  cpct_setVideoMode_asm              cpct_video
     000019A8  _cpct_waitVSYNC                    cpct_video
     000019A8  cpct_waitVSYNC_asm                 cpct_video
     000019B0  cpct_memset_asm                    cpct_memutils
     000019B8  _cpct_disableFirmware              cpct_firmware
     000019B8  _cpct_removeInterruptHandler       cpct_firmware
     000019B8  cpct_disableFirmware_asm           cpct_firmware
     000019B8  cpct_removeInterruptHandler_asm    cpct_firmware
     000019C8  cpct_drawSolidBox_asm              cpct_sprites
     00001A6B  _cpct_getRandom_mxor_u8            cpct_random
     00001A6B  cpct_getRandom_mxor_u8_asm         cpct_random
     00001A6C  cpct_randomIdx_mxor_u8             cpct_random
     00001A90  cpct_drawSpriteBlended_asm         cpct_sprites
     00001A96  _cpct_dsb_blendFunction            cpct_sprites
     00001AB7  _cpct_mode_rom_status              cpct_firmware
     00001AB8  cpct_getScreenPtr_asm              cpct_video
     00001ACA  _cpct_scanKeyboard                 cpct_keyboard
     00001ACA  cpct_scanKeyboard_asm              cpct_keyboard
     00001AFB  _cpct_waitVSYNCStart               cpct_video
ASxxxx Linker V03.00 + NoICE + sdld,  page 4.
Hexadecimal  [32-Bits]

Area                                    Addr        Size        Decimal Bytes (Attributes)
--------------------------------        ----        ----        ------- ----- ------------
_CODE                               00000200    0000192F =        6447. bytes (REL,CON)

      Value  Global                              Global Defined In Module
      -----  --------------------------------   ------------------------
     00001AFB  cpct_waitVSYNCStart_asm            cpct_video
     00001B08  _cpct_mxor32_seed                  cpct_random
     00001B0C  _cpct_nextRandom_mxor_u32          cpct_random
     00001B0C  cpct_nextRandom_mxor_u32_asm       cpct_random
ASxxxx Linker V03.00 + NoICE + sdld,  page 5.
Hexadecimal  [32-Bits]

Area                                    Addr        Size        Decimal Bytes (Attributes)
--------------------------------        ----        ----        ------- ----- ------------
_DATA                               00001B2F    00000053 =          83. bytes (REL,CON)

      Value  Global                              Global Defined In Module
      -----  --------------------------------   ------------------------
     00001B44  nInterrupt                         system_system
     00001B47  sys_render_front_buffer            render_system
     00001B48  sys_render_back_buffer             render_system
     00001B49  sys_render_touched_zones           render_system
     00001B4A  string_buffer                      sys_util
     00001B55  aux_txt                            text_manager
     00001B69  _window_data                       messages_system
     00001B80  sys_input_main_menu_actions        input_system

ASxxxx Linker V03.00 + NoICE + sdld,  page 6.
Hexadecimal  [32-Bits]

Area                                    Addr        Size        Decimal Bytes (Attributes)
--------------------------------        ----        ----        ------- ----- ------------
_ABS0                               00000000    00000100 =         256. bytes (ABS,CON)

      Value  Global                              Global Defined In Module
      -----  --------------------------------   ------------------------
     00000100  transparency_table                 render_system

ASxxxx Linker V03.00 + NoICE + sdld,  page 7.

Files Linked                              [ module(s) ]

obj/assets/sprites/small_numbers.rel      [ small_numbers ]
obj/assets/sprites/font_chars_0.rel       [ font_chars_0 ]
obj/assets/sprites/g_palette0.rel         [ g_palette0 ]
obj/main.rel                              [ cpct_keyboard ]
obj/common.h.rel                          [  ]
obj/man/fight.rel                         [ fight_manager ]
obj/man/fight.h.rel                       [ fight_manager ]
obj/man/game.h.rel                        [ game_manager ]
obj/man/array.rel                         [ array_manager ]
obj/man/array.h.rel                       [ array_manager ]
obj/man/game.rel                          [ game_manager ]
obj/sys/system.rel                        [ system_system ]
obj/sys/render.rel                        [ render_system ]
obj/sys/text.h.rel                        [  ]
obj/sys/util.rel                          [ sys_util ]
obj/sys/system.h.rel                      [ system_system ]
obj/sys/util.h.rel                        [  ]
obj/sys/messages.h.rel                    [ messages_system ]
obj/sys/text.rel                          [ text_manager ]
obj/sys/messages.rel                      [ messages_system ]
obj/sys/input.h.rel                       [  ]
obj/sys/render.h.rel                      [ render_system ]
obj/sys/input.rel                         [ input_system ]


Libraries Linked                          [ object file ]

/home/drodri/sources/retro/cpctelera/cpctelera/cpctelera.lib
                                          [ cpct_setInterruptHandler.rel ]
/home/drodri/sources/retro/cpctelera/cpctelera/cpctelera.lib
                                          [ cpct_getScreenToSprite_asmbindin ]
/home/drodri/sources/retro/cpctelera/cpctelera/cpctelera.lib
                                          [ cpct_setPalette_asmbindings.rel ]
/home/drodri/sources/retro/cpctelera/cpctelera/cpctelera.lib
                                          [ cpct_isKeyPressed.rel ]
/home/drodri/sources/retro/cpctelera/cpctelera/cpctelera.lib
                                          [ cpct_setPALColour_asmbindings.re ]
/home/drodri/sources/retro/cpctelera/cpctelera/cpctelera.lib
                                          [ cpct_drawSprite_asmbindings.rel ]
/home/drodri/sources/retro/cpctelera/cpctelera/cpctelera.lib
                                          [ keyboard.rel ]
/home/drodri/sources/retro/cpctelera/cpctelera/cpctelera.lib
                                          [ cpct_waitHalts_asmbindings.rel ]
/home/drodri/sources/retro/cpctelera/cpctelera/cpctelera.lib
                                          [ cpct_setSeed_mxor.rel ]
/home/drodri/sources/retro/cpctelera/cpctelera/cpctelera.lib
                                          [ cpct_setSeed_xsp40_u8_asmbinding ]
/home/drodri/sources/retro/cpctelera/cpctelera/cpctelera.lib
                                          [ cpct_setVideoMemoryPage.rel ]
/home/drodri/sources/retro/cpctelera/cpctelera/cpctelera.lib
                                          [ cpct_memset_f64_asmbinding.rel ]
/home/drodri/sources/retro/cpctelera/cpctelera/cpctelera.lib
                                          [ cpct_getRandom_xsp40_u8.rel ]
/home/drodri/sources/retro/cpctelera/cpctelera/cpctelera.lib
                                          [ cpct_isAnyKeyPressed.rel ]
/home/drodri/sources/retro/cpctelera/cpctelera/cpctelera.lib
                                          [ cpct_scanKeyboard_if.rel ]
/home/drodri/sources/retro/cpctelera/cpctelera/cpctelera.lib
                                          [ cpct_setVideoMode_asmbindings.re ]
/home/drodri/sources/retro/cpctelera/cpctelera/cpctelera.lib
                                          [ cpct_waitVSYNC.rel ]
/home/drodri/sources/retro/cpctelera/cpctelera/cpctelera.lib
                                          [ cpct_memset_asmbinding.rel ]
/home/drodri/sources/retro/cpctelera/cpctelera/cpctelera.lib
                                          [ cpct_removeInterruptHandler.rel ]
/home/drodri/sources/retro/cpctelera/cpctelera/cpctelera.lib
                                          [ cpct_drawSolidBox_asmbindings.re ]
/home/drodri/sources/retro/cpctelera/cpctelera/cpctelera.lib
                                          [ cpct_getRandom_mxor_u8.rel ]
/home/drodri/sources/retro/cpctelera/cpctelera/cpctelera.lib
                                          [ cpct_drawSpriteBlended_asmbindin ]
/home/drodri/sources/retro/cpctelera/cpctelera/cpctelera.lib
                                          [ cpc_mode_rom_status.rel ]
/home/drodri/sources/retro/cpctelera/cpctelera/cpctelera.lib
                                          [ cpct_getScreenPtr_asmbindings.re ]
/home/drodri/sources/retro/cpctelera/cpctelera/cpctelera.lib
                                          [ cpct_scanKeyboard.rel ]
/home/drodri/sources/retro/cpctelera/cpctelera/cpctelera.lib
                                          [ cpct_waitVSYNCStart.rel ]
/home/drodri/sources/retro/cpctelera/cpctelera/cpctelera.lib
                                          [ cpct_mxor32_seed.rel ]
/home/drodri/sources/retro/cpctelera/cpctelera/cpctelera.lib
                                          [ cpct_nextRandom_mxor_u32.rel ]

ASxxxx Linker V03.00 + NoICE + sdld,  page 8.

User Base Address Definitions

_CODE = 0x0200
_DATA = 0x0000

